[0.608s] Invoking command in '/home/tyerone/ros2_ws/src/sim_publisher': PYTHONPATH=/home/tyerone/ros2_ws/build/sim_publisher/prefix_override:/usr/lib/python3/dist-packages/colcon_core/task/python/colcon_distutils_commands:/home/tyerone/ros2_ws/install/sim_publisher/lib/python3.10/site-packages:${PYTHONPATH} /usr/bin/python3 -W ignore:setup.py install is deprecated -W ignore:easy_install command is deprecated setup.py egg_info --egg-base ../../build/sim_publisher build --build-base /home/tyerone/ros2_ws/build/sim_publisher/build install --record /home/tyerone/ros2_ws/build/sim_publisher/install.log --single-version-externally-managed install_data
[0.778s] running egg_info
[0.778s] writing ../../build/sim_publisher/sim_publisher.egg-info/PKG-INFO
[0.778s] writing dependency_links to ../../build/sim_publisher/sim_publisher.egg-info/dependency_links.txt
[0.779s] writing entry points to ../../build/sim_publisher/sim_publisher.egg-info/entry_points.txt
[0.779s] writing requirements to ../../build/sim_publisher/sim_publisher.egg-info/requires.txt
[0.779s] writing top-level names to ../../build/sim_publisher/sim_publisher.egg-info/top_level.txt
[0.781s] reading manifest file '../../build/sim_publisher/sim_publisher.egg-info/SOURCES.txt'
[0.782s] writing manifest file '../../build/sim_publisher/sim_publisher.egg-info/SOURCES.txt'
[0.782s] running build
[0.782s] running build_py
[0.782s] running install
[0.783s] running install_lib
[0.784s] running install_data
[0.784s] running install_egg_info
[0.786s] removing '/home/tyerone/ros2_ws/install/sim_publisher/lib/python3.10/site-packages/sim_publisher-0.0.0-py3.10.egg-info' (and everything under it)
[0.786s] Copying ../../build/sim_publisher/sim_publisher.egg-info to /home/tyerone/ros2_ws/install/sim_publisher/lib/python3.10/site-packages/sim_publisher-0.0.0-py3.10.egg-info
[0.786s] running install_scripts
[0.804s] Installing simple_campub script to /home/tyerone/ros2_ws/install/sim_publisher/lib/sim_publisher
[0.804s] Installing simple_simpub script to /home/tyerone/ros2_ws/install/sim_publisher/lib/sim_publisher
[0.804s] writing list of installed files to '/home/tyerone/ros2_ws/build/sim_publisher/install.log'
[0.834s] Invoked command in '/home/tyerone/ros2_ws/src/sim_publisher' returned '0': PYTHONPATH=/home/tyerone/ros2_ws/build/sim_publisher/prefix_override:/usr/lib/python3/dist-packages/colcon_core/task/python/colcon_distutils_commands:/home/tyerone/ros2_ws/install/sim_publisher/lib/python3.10/site-packages:${PYTHONPATH} /usr/bin/python3 -W ignore:setup.py install is deprecated -W ignore:easy_install command is deprecated setup.py egg_info --egg-base ../../build/sim_publisher build --build-base /home/tyerone/ros2_ws/build/sim_publisher/build install --record /home/tyerone/ros2_ws/build/sim_publisher/install.log --single-version-externally-managed install_data
