[0.117s] DEBUG:colcon:Command line arguments: ['/usr/bin/colcon', 'build']
[0.117s] DEBUG:colcon:Parsed command line arguments: Namespace(log_base=None, log_level=None, verb_name='build', build_base='build', install_base='install', merge_install=False, symlink_install=False, test_result_base=None, continue_on_error=False, executor='parallel', parallel_workers=2, event_handlers=None, ignore_user_meta=False, metas=['./colcon.meta'], base_paths=['.'], packages_ignore=None, packages_ignore_regex=None, paths=None, packages_up_to=None, packages_up_to_regex=None, packages_above=None, packages_above_and_dependencies=None, packages_above_depth=None, packages_select_by_dep=None, packages_skip_by_dep=None, packages_skip_up_to=None, packages_select_build_failed=False, packages_skip_build_finished=False, packages_select_test_failures=False, packages_skip_test_passed=False, packages_select=None, packages_skip=None, packages_select_regex=None, packages_skip_regex=None, packages_start=None, packages_end=None, allow_overriding=[], cmake_args=None, cmake_target=None, cmake_target_skip_unavailable=False, cmake_clean_cache=False, cmake_clean_first=False, cmake_force_configure=False, ament_cmake_args=None, catkin_cmake_args=None, catkin_skip_building_tests=False, mixin_files=None, mixin=None, verb_parser=<colcon_mixin.mixin.mixin_argument.MixinArgumentDecorator object at 0x7cb3c6654940>, verb_extension=<colcon_core.verb.build.BuildVerb object at 0x7cb3c66542e0>, main=<bound method BuildVerb.main of <colcon_core.verb.build.BuildVerb object at 0x7cb3c66542e0>>, mixin_verb=('build',))
[0.225s] Level 1:colcon.colcon_core.package_discovery:discover_packages(colcon_meta) check parameters
[0.225s] Level 1:colcon.colcon_core.package_discovery:discover_packages(recursive) check parameters
[0.225s] Level 1:colcon.colcon_core.package_discovery:discover_packages(ignore) check parameters
[0.225s] Level 1:colcon.colcon_core.package_discovery:discover_packages(path) check parameters
[0.225s] Level 1:colcon.colcon_core.package_discovery:discover_packages(colcon_meta) discover
[0.225s] Level 1:colcon.colcon_core.package_discovery:discover_packages(recursive) discover
[0.225s] INFO:colcon.colcon_core.package_discovery:Crawling recursively for packages in '/home/tyerone/ros2_ws'
[0.226s] Level 1:colcon.colcon_core.package_identification:_identify(.) by extensions ['ignore', 'ignore_ament_install']
[0.226s] Level 1:colcon.colcon_core.package_identification:_identify(.) by extension 'ignore'
[0.226s] Level 1:colcon.colcon_core.package_identification:_identify(.) by extension 'ignore_ament_install'
[0.226s] Level 1:colcon.colcon_core.package_identification:_identify(.) by extensions ['colcon_pkg']
[0.226s] Level 1:colcon.colcon_core.package_identification:_identify(.) by extension 'colcon_pkg'
[0.226s] Level 1:colcon.colcon_core.package_identification:_identify(.) by extensions ['colcon_meta']
[0.226s] Level 1:colcon.colcon_core.package_identification:_identify(.) by extension 'colcon_meta'
[0.226s] Level 1:colcon.colcon_core.package_identification:_identify(.) by extensions ['ros']
[0.226s] Level 1:colcon.colcon_core.package_identification:_identify(.) by extension 'ros'
[0.236s] Level 1:colcon.colcon_core.package_identification:_identify(.) by extensions ['cmake', 'python']
[0.236s] Level 1:colcon.colcon_core.package_identification:_identify(.) by extension 'cmake'
[0.236s] Level 1:colcon.colcon_core.package_identification:_identify(.) by extension 'python'
[0.236s] Level 1:colcon.colcon_core.package_identification:_identify(.) by extensions ['python_setup_py']
[0.236s] Level 1:colcon.colcon_core.package_identification:_identify(.) by extension 'python_setup_py'
[0.236s] Level 1:colcon.colcon_core.package_identification:_identify(build) by extensions ['ignore', 'ignore_ament_install']
[0.236s] Level 1:colcon.colcon_core.package_identification:_identify(build) by extension 'ignore'
[0.236s] Level 1:colcon.colcon_core.package_identification:_identify(build) ignored
[0.236s] Level 1:colcon.colcon_core.package_identification:_identify(install) by extensions ['ignore', 'ignore_ament_install']
[0.236s] Level 1:colcon.colcon_core.package_identification:_identify(install) by extension 'ignore'
[0.236s] Level 1:colcon.colcon_core.package_identification:_identify(install) ignored
[0.236s] Level 1:colcon.colcon_core.package_identification:_identify(log) by extensions ['ignore', 'ignore_ament_install']
[0.236s] Level 1:colcon.colcon_core.package_identification:_identify(log) by extension 'ignore'
[0.237s] Level 1:colcon.colcon_core.package_identification:_identify(log) ignored
[0.237s] Level 1:colcon.colcon_core.package_identification:_identify(src) by extensions ['ignore', 'ignore_ament_install']
[0.237s] Level 1:colcon.colcon_core.package_identification:_identify(src) by extension 'ignore'
[0.237s] Level 1:colcon.colcon_core.package_identification:_identify(src) by extension 'ignore_ament_install'
[0.237s] Level 1:colcon.colcon_core.package_identification:_identify(src) by extensions ['colcon_pkg']
[0.237s] Level 1:colcon.colcon_core.package_identification:_identify(src) by extension 'colcon_pkg'
[0.237s] Level 1:colcon.colcon_core.package_identification:_identify(src) by extensions ['colcon_meta']
[0.237s] Level 1:colcon.colcon_core.package_identification:_identify(src) by extension 'colcon_meta'
[0.237s] Level 1:colcon.colcon_core.package_identification:_identify(src) by extensions ['ros']
[0.237s] Level 1:colcon.colcon_core.package_identification:_identify(src) by extension 'ros'
[0.237s] Level 1:colcon.colcon_core.package_identification:_identify(src) by extensions ['cmake', 'python']
[0.237s] Level 1:colcon.colcon_core.package_identification:_identify(src) by extension 'cmake'
[0.237s] Level 1:colcon.colcon_core.package_identification:_identify(src) by extension 'python'
[0.237s] Level 1:colcon.colcon_core.package_identification:_identify(src) by extensions ['python_setup_py']
[0.237s] Level 1:colcon.colcon_core.package_identification:_identify(src) by extension 'python_setup_py'
[0.237s] Level 1:colcon.colcon_core.package_identification:_identify(src/sim_publisher) by extensions ['ignore', 'ignore_ament_install']
[0.237s] Level 1:colcon.colcon_core.package_identification:_identify(src/sim_publisher) by extension 'ignore'
[0.237s] Level 1:colcon.colcon_core.package_identification:_identify(src/sim_publisher) by extension 'ignore_ament_install'
[0.237s] Level 1:colcon.colcon_core.package_identification:_identify(src/sim_publisher) by extensions ['colcon_pkg']
[0.237s] Level 1:colcon.colcon_core.package_identification:_identify(src/sim_publisher) by extension 'colcon_pkg'
[0.237s] Level 1:colcon.colcon_core.package_identification:_identify(src/sim_publisher) by extensions ['colcon_meta']
[0.237s] Level 1:colcon.colcon_core.package_identification:_identify(src/sim_publisher) by extension 'colcon_meta'
[0.237s] Level 1:colcon.colcon_core.package_identification:_identify(src/sim_publisher) by extensions ['ros']
[0.237s] Level 1:colcon.colcon_core.package_identification:_identify(src/sim_publisher) by extension 'ros'
[0.239s] DEBUG:colcon.colcon_core.package_identification:Package 'src/sim_publisher' with type 'ros.ament_python' and name 'sim_publisher'
[0.239s] Level 1:colcon.colcon_core.package_identification:_identify(src/widget_test) by extensions ['ignore', 'ignore_ament_install']
[0.240s] Level 1:colcon.colcon_core.package_identification:_identify(src/widget_test) by extension 'ignore'
[0.240s] Level 1:colcon.colcon_core.package_identification:_identify(src/widget_test) by extension 'ignore_ament_install'
[0.240s] Level 1:colcon.colcon_core.package_identification:_identify(src/widget_test) by extensions ['colcon_pkg']
[0.240s] Level 1:colcon.colcon_core.package_identification:_identify(src/widget_test) by extension 'colcon_pkg'
[0.240s] Level 1:colcon.colcon_core.package_identification:_identify(src/widget_test) by extensions ['colcon_meta']
[0.240s] Level 1:colcon.colcon_core.package_identification:_identify(src/widget_test) by extension 'colcon_meta'
[0.240s] Level 1:colcon.colcon_core.package_identification:_identify(src/widget_test) by extensions ['ros']
[0.240s] Level 1:colcon.colcon_core.package_identification:_identify(src/widget_test) by extension 'ros'
[0.241s] DEBUG:colcon.colcon_core.package_identification:Package 'src/widget_test' with type 'ros.ament_python' and name 'widget_test'
[0.241s] Level 1:colcon.colcon_core.package_discovery:discover_packages(recursive) using defaults
[0.241s] Level 1:colcon.colcon_core.package_discovery:discover_packages(ignore) discover
[0.241s] Level 1:colcon.colcon_core.package_discovery:discover_packages(ignore) using defaults
[0.241s] Level 1:colcon.colcon_core.package_discovery:discover_packages(path) discover
[0.241s] Level 1:colcon.colcon_core.package_discovery:discover_packages(path) using defaults
[0.265s] Level 1:colcon.colcon_core.package_discovery:discover_packages(prefix_path) check parameters
[0.265s] Level 1:colcon.colcon_core.package_discovery:discover_packages(prefix_path) discover
[0.268s] DEBUG:colcon.colcon_installed_package_information.package_discovery:Found 266 installed packages in /opt/ros/humble
[0.269s] Level 1:colcon.colcon_core.package_discovery:discover_packages(prefix_path) using defaults
[0.293s] Level 5:colcon.colcon_core.verb:set package 'sim_publisher' build argument 'cmake_args' from command line to 'None'
[0.293s] Level 5:colcon.colcon_core.verb:set package 'sim_publisher' build argument 'cmake_target' from command line to 'None'
[0.293s] Level 5:colcon.colcon_core.verb:set package 'sim_publisher' build argument 'cmake_target_skip_unavailable' from command line to 'False'
[0.293s] Level 5:colcon.colcon_core.verb:set package 'sim_publisher' build argument 'cmake_clean_cache' from command line to 'False'
[0.293s] Level 5:colcon.colcon_core.verb:set package 'sim_publisher' build argument 'cmake_clean_first' from command line to 'False'
[0.293s] Level 5:colcon.colcon_core.verb:set package 'sim_publisher' build argument 'cmake_force_configure' from command line to 'False'
[0.293s] Level 5:colcon.colcon_core.verb:set package 'sim_publisher' build argument 'ament_cmake_args' from command line to 'None'
[0.293s] Level 5:colcon.colcon_core.verb:set package 'sim_publisher' build argument 'catkin_cmake_args' from command line to 'None'
[0.293s] Level 5:colcon.colcon_core.verb:set package 'sim_publisher' build argument 'catkin_skip_building_tests' from command line to 'False'
[0.293s] DEBUG:colcon.colcon_core.verb:Building package 'sim_publisher' with the following arguments: {'ament_cmake_args': None, 'build_base': '/home/tyerone/ros2_ws/build/sim_publisher', 'catkin_cmake_args': None, 'catkin_skip_building_tests': False, 'cmake_args': None, 'cmake_clean_cache': False, 'cmake_clean_first': False, 'cmake_force_configure': False, 'cmake_target': None, 'cmake_target_skip_unavailable': False, 'install_base': '/home/tyerone/ros2_ws/install/sim_publisher', 'merge_install': False, 'path': '/home/tyerone/ros2_ws/src/sim_publisher', 'symlink_install': False, 'test_result_base': None}
[0.294s] Level 5:colcon.colcon_core.verb:set package 'widget_test' build argument 'cmake_args' from command line to 'None'
[0.294s] Level 5:colcon.colcon_core.verb:set package 'widget_test' build argument 'cmake_target' from command line to 'None'
[0.294s] Level 5:colcon.colcon_core.verb:set package 'widget_test' build argument 'cmake_target_skip_unavailable' from command line to 'False'
[0.294s] Level 5:colcon.colcon_core.verb:set package 'widget_test' build argument 'cmake_clean_cache' from command line to 'False'
[0.294s] Level 5:colcon.colcon_core.verb:set package 'widget_test' build argument 'cmake_clean_first' from command line to 'False'
[0.294s] Level 5:colcon.colcon_core.verb:set package 'widget_test' build argument 'cmake_force_configure' from command line to 'False'
[0.294s] Level 5:colcon.colcon_core.verb:set package 'widget_test' build argument 'ament_cmake_args' from command line to 'None'
[0.294s] Level 5:colcon.colcon_core.verb:set package 'widget_test' build argument 'catkin_cmake_args' from command line to 'None'
[0.294s] Level 5:colcon.colcon_core.verb:set package 'widget_test' build argument 'catkin_skip_building_tests' from command line to 'False'
[0.294s] DEBUG:colcon.colcon_core.verb:Building package 'widget_test' with the following arguments: {'ament_cmake_args': None, 'build_base': '/home/tyerone/ros2_ws/build/widget_test', 'catkin_cmake_args': None, 'catkin_skip_building_tests': False, 'cmake_args': None, 'cmake_clean_cache': False, 'cmake_clean_first': False, 'cmake_force_configure': False, 'cmake_target': None, 'cmake_target_skip_unavailable': False, 'install_base': '/home/tyerone/ros2_ws/install/widget_test', 'merge_install': False, 'path': '/home/tyerone/ros2_ws/src/widget_test', 'symlink_install': False, 'test_result_base': None}
[0.294s] INFO:colcon.colcon_core.executor:Executing jobs using 'parallel' executor
[0.295s] DEBUG:colcon.colcon_parallel_executor.executor.parallel:run_until_complete
[0.295s] INFO:colcon.colcon_ros.task.ament_python.build:Building ROS package in '/home/tyerone/ros2_ws/src/sim_publisher' with build type 'ament_python'
[0.295s] Level 1:colcon.colcon_core.shell:create_environment_hook('sim_publisher', 'ament_prefix_path')
[0.297s] INFO:colcon.colcon_core.plugin_system:Skipping extension 'colcon_core.shell.bat': Not used on non-Windows systems
[0.298s] INFO:colcon.colcon_core.shell:Creating environment hook '/home/tyerone/ros2_ws/install/sim_publisher/share/sim_publisher/hook/ament_prefix_path.ps1'
[0.298s] INFO:colcon.colcon_core.shell:Creating environment descriptor '/home/tyerone/ros2_ws/install/sim_publisher/share/sim_publisher/hook/ament_prefix_path.dsv'
[0.298s] INFO:colcon.colcon_core.shell:Creating environment hook '/home/tyerone/ros2_ws/install/sim_publisher/share/sim_publisher/hook/ament_prefix_path.sh'
[0.299s] INFO:colcon.colcon_core.shell:Skip shell extension 'powershell' for command environment: Not usable outside of PowerShell
[0.299s] DEBUG:colcon.colcon_core.shell:Skip shell extension 'dsv' for command environment
[0.301s] INFO:colcon.colcon_ros.task.ament_python.build:Building ROS package in '/home/tyerone/ros2_ws/src/widget_test' with build type 'ament_python'
[0.301s] Level 1:colcon.colcon_core.shell:create_environment_hook('widget_test', 'ament_prefix_path')
[0.302s] INFO:colcon.colcon_core.shell:Creating environment hook '/home/tyerone/ros2_ws/install/widget_test/share/widget_test/hook/ament_prefix_path.ps1'
[0.303s] INFO:colcon.colcon_core.shell:Creating environment descriptor '/home/tyerone/ros2_ws/install/widget_test/share/widget_test/hook/ament_prefix_path.dsv'
[0.303s] INFO:colcon.colcon_core.shell:Creating environment hook '/home/tyerone/ros2_ws/install/widget_test/share/widget_test/hook/ament_prefix_path.sh'
[0.303s] INFO:colcon.colcon_core.shell:Skip shell extension 'powershell' for command environment: Not usable outside of PowerShell
[0.303s] DEBUG:colcon.colcon_core.shell:Skip shell extension 'dsv' for command environment
[0.473s] INFO:colcon.colcon_core.task.python.build:Building Python package in '/home/tyerone/ros2_ws/src/sim_publisher'
[0.473s] INFO:colcon.colcon_core.shell:Skip shell extension 'powershell' for command environment: Not usable outside of PowerShell
[0.473s] DEBUG:colcon.colcon_core.shell:Skip shell extension 'dsv' for command environment
[0.641s] INFO:colcon.colcon_core.task.python.build:Building Python package in '/home/tyerone/ros2_ws/src/widget_test'
[0.642s] INFO:colcon.colcon_core.shell:Skip shell extension 'powershell' for command environment: Not usable outside of PowerShell
[0.642s] DEBUG:colcon.colcon_core.shell:Skip shell extension 'dsv' for command environment
[0.904s] DEBUG:colcon.colcon_core.event_handler.log_command:Invoking command in '/home/tyerone/ros2_ws/src/sim_publisher': PYTHONPATH=/home/tyerone/ros2_ws/build/sim_publisher/prefix_override:/usr/lib/python3/dist-packages/colcon_core/task/python/colcon_distutils_commands:/home/tyerone/ros2_ws/install/sim_publisher/lib/python3.10/site-packages:${PYTHONPATH} /usr/bin/python3 -W ignore:setup.py install is deprecated -W ignore:easy_install command is deprecated setup.py egg_info --egg-base ../../build/sim_publisher build --build-base /home/tyerone/ros2_ws/build/sim_publisher/build install --record /home/tyerone/ros2_ws/build/sim_publisher/install.log --single-version-externally-managed install_data
[0.910s] DEBUG:colcon.colcon_core.event_handler.log_command:Invoking command in '/home/tyerone/ros2_ws/src/widget_test': PYTHONPATH=/home/tyerone/ros2_ws/build/widget_test/prefix_override:/usr/lib/python3/dist-packages/colcon_core/task/python/colcon_distutils_commands:/home/tyerone/ros2_ws/install/widget_test/lib/python3.10/site-packages:${PYTHONPATH} /usr/bin/python3 -W ignore:setup.py install is deprecated -W ignore:easy_install command is deprecated setup.py egg_info --egg-base ../../build/widget_test build --build-base /home/tyerone/ros2_ws/build/widget_test/build install --record /home/tyerone/ros2_ws/build/widget_test/install.log --single-version-externally-managed install_data
[1.117s] DEBUG:colcon.colcon_core.event_handler.log_command:Invoked command in '/home/tyerone/ros2_ws/src/widget_test' returned '0': PYTHONPATH=/home/tyerone/ros2_ws/build/widget_test/prefix_override:/usr/lib/python3/dist-packages/colcon_core/task/python/colcon_distutils_commands:/home/tyerone/ros2_ws/install/widget_test/lib/python3.10/site-packages:${PYTHONPATH} /usr/bin/python3 -W ignore:setup.py install is deprecated -W ignore:easy_install command is deprecated setup.py egg_info --egg-base ../../build/widget_test build --build-base /home/tyerone/ros2_ws/build/widget_test/build install --record /home/tyerone/ros2_ws/build/widget_test/install.log --single-version-externally-managed install_data
[1.119s] Level 1:colcon.colcon_core.environment:checking '/home/tyerone/ros2_ws/install/widget_test' for CMake module files
[1.119s] Level 1:colcon.colcon_core.environment:checking '/home/tyerone/ros2_ws/install/widget_test' for CMake config files
[1.120s] Level 1:colcon.colcon_core.environment:checking '/home/tyerone/ros2_ws/install/widget_test/lib'
[1.120s] Level 1:colcon.colcon_core.environment:checking '/home/tyerone/ros2_ws/install/widget_test/bin'
[1.120s] Level 1:colcon.colcon_core.shell:create_environment_hook('widget_test', 'path')
[1.120s] INFO:colcon.colcon_core.shell:Creating environment hook '/home/tyerone/ros2_ws/install/widget_test/share/widget_test/hook/path.ps1'
[1.120s] INFO:colcon.colcon_core.shell:Creating environment descriptor '/home/tyerone/ros2_ws/install/widget_test/share/widget_test/hook/path.dsv'
[1.121s] INFO:colcon.colcon_core.shell:Creating environment hook '/home/tyerone/ros2_ws/install/widget_test/share/widget_test/hook/path.sh'
[1.121s] Level 1:colcon.colcon_core.environment:checking '/home/tyerone/ros2_ws/install/widget_test/lib/pkgconfig/widget_test.pc'
[1.121s] Level 1:colcon.colcon_core.environment:checking '/home/tyerone/ros2_ws/install/widget_test/lib/python3.10/site-packages'
[1.121s] Level 1:colcon.colcon_core.shell:create_environment_hook('widget_test', 'pythonpath')
[1.122s] INFO:colcon.colcon_core.shell:Creating environment hook '/home/tyerone/ros2_ws/install/widget_test/share/widget_test/hook/pythonpath.ps1'
[1.122s] INFO:colcon.colcon_core.shell:Creating environment descriptor '/home/tyerone/ros2_ws/install/widget_test/share/widget_test/hook/pythonpath.dsv'
[1.122s] INFO:colcon.colcon_core.shell:Creating environment hook '/home/tyerone/ros2_ws/install/widget_test/share/widget_test/hook/pythonpath.sh'
[1.123s] Level 1:colcon.colcon_core.environment:checking '/home/tyerone/ros2_ws/install/widget_test/bin'
[1.123s] Level 1:colcon.colcon_core.shell:create_environment_hook('widget_test', 'pythonscriptspath')
[1.123s] INFO:colcon.colcon_core.shell:Creating environment hook '/home/tyerone/ros2_ws/install/widget_test/share/widget_test/hook/pythonscriptspath.ps1'
[1.123s] INFO:colcon.colcon_core.shell:Creating environment descriptor '/home/tyerone/ros2_ws/install/widget_test/share/widget_test/hook/pythonscriptspath.dsv'
[1.124s] INFO:colcon.colcon_core.shell:Creating environment hook '/home/tyerone/ros2_ws/install/widget_test/share/widget_test/hook/pythonscriptspath.sh'
[1.124s] Level 1:colcon.colcon_core.environment:create_environment_scripts_only(widget_test)
[1.124s] INFO:colcon.colcon_core.shell:Creating package script '/home/tyerone/ros2_ws/install/widget_test/share/widget_test/package.ps1'
[1.125s] INFO:colcon.colcon_core.shell:Creating package descriptor '/home/tyerone/ros2_ws/install/widget_test/share/widget_test/package.dsv'
[1.125s] INFO:colcon.colcon_core.shell:Creating package script '/home/tyerone/ros2_ws/install/widget_test/share/widget_test/package.sh'
[1.127s] INFO:colcon.colcon_core.shell:Creating package script '/home/tyerone/ros2_ws/install/widget_test/share/widget_test/package.bash'
[1.127s] INFO:colcon.colcon_core.shell:Creating package script '/home/tyerone/ros2_ws/install/widget_test/share/widget_test/package.zsh'
[1.128s] Level 1:colcon.colcon_core.environment:create_file_with_runtime_dependencies(/home/tyerone/ros2_ws/install/widget_test/share/colcon-core/packages/widget_test)
[1.128s] Level 1:colcon.colcon_core.environment:checking '/home/tyerone/ros2_ws/install/sim_publisher' for CMake module files
[1.129s] Level 1:colcon.colcon_core.environment:checking '/home/tyerone/ros2_ws/install/sim_publisher' for CMake config files
[1.129s] Level 1:colcon.colcon_core.environment:checking '/home/tyerone/ros2_ws/install/sim_publisher/lib'
[1.129s] Level 1:colcon.colcon_core.environment:checking '/home/tyerone/ros2_ws/install/sim_publisher/bin'
[1.129s] Level 1:colcon.colcon_core.environment:checking '/home/tyerone/ros2_ws/install/sim_publisher/lib/pkgconfig/sim_publisher.pc'
[1.130s] DEBUG:colcon.colcon_core.event_handler.log_command:Invoked command in '/home/tyerone/ros2_ws/src/sim_publisher' returned '0': PYTHONPATH=/home/tyerone/ros2_ws/build/sim_publisher/prefix_override:/usr/lib/python3/dist-packages/colcon_core/task/python/colcon_distutils_commands:/home/tyerone/ros2_ws/install/sim_publisher/lib/python3.10/site-packages:${PYTHONPATH} /usr/bin/python3 -W ignore:setup.py install is deprecated -W ignore:easy_install command is deprecated setup.py egg_info --egg-base ../../build/sim_publisher build --build-base /home/tyerone/ros2_ws/build/sim_publisher/build install --record /home/tyerone/ros2_ws/build/sim_publisher/install.log --single-version-externally-managed install_data
[1.130s] Level 1:colcon.colcon_core.environment:checking '/home/tyerone/ros2_ws/install/sim_publisher/lib/python3.10/site-packages'
[1.130s] Level 1:colcon.colcon_core.shell:create_environment_hook('sim_publisher', 'pythonpath')
[1.130s] INFO:colcon.colcon_core.shell:Creating environment hook '/home/tyerone/ros2_ws/install/sim_publisher/share/sim_publisher/hook/pythonpath.ps1'
[1.130s] INFO:colcon.colcon_core.shell:Creating environment descriptor '/home/tyerone/ros2_ws/install/sim_publisher/share/sim_publisher/hook/pythonpath.dsv'
[1.131s] INFO:colcon.colcon_core.shell:Creating environment hook '/home/tyerone/ros2_ws/install/sim_publisher/share/sim_publisher/hook/pythonpath.sh'
[1.131s] Level 1:colcon.colcon_core.environment:checking '/home/tyerone/ros2_ws/install/sim_publisher/bin'
[1.132s] Level 1:colcon.colcon_core.environment:create_environment_scripts_only(sim_publisher)
[1.132s] INFO:colcon.colcon_core.shell:Creating package script '/home/tyerone/ros2_ws/install/sim_publisher/share/sim_publisher/package.ps1'
[1.132s] INFO:colcon.colcon_core.shell:Creating package descriptor '/home/tyerone/ros2_ws/install/sim_publisher/share/sim_publisher/package.dsv'
[1.132s] INFO:colcon.colcon_core.shell:Creating package script '/home/tyerone/ros2_ws/install/sim_publisher/share/sim_publisher/package.sh'
[1.133s] INFO:colcon.colcon_core.shell:Creating package script '/home/tyerone/ros2_ws/install/sim_publisher/share/sim_publisher/package.bash'
[1.133s] INFO:colcon.colcon_core.shell:Creating package script '/home/tyerone/ros2_ws/install/sim_publisher/share/sim_publisher/package.zsh'
[1.133s] Level 1:colcon.colcon_core.environment:create_file_with_runtime_dependencies(/home/tyerone/ros2_ws/install/sim_publisher/share/colcon-core/packages/sim_publisher)
[1.134s] DEBUG:colcon.colcon_parallel_executor.executor.parallel:closing loop
[1.134s] DEBUG:colcon.colcon_parallel_executor.executor.parallel:loop closed
[1.134s] DEBUG:colcon.colcon_parallel_executor.executor.parallel:run_until_complete finished with '0'
[1.134s] DEBUG:colcon.colcon_core.event_reactor:joining thread
[1.138s] INFO:colcon.colcon_core.plugin_system:Skipping extension 'colcon_notification.desktop_notification.terminal_notifier': Not used on non-Darwin systems
[1.138s] INFO:colcon.colcon_core.plugin_system:Skipping extension 'colcon_notification.desktop_notification.win32': Not used on non-Windows systems
[1.138s] INFO:colcon.colcon_notification.desktop_notification:Sending desktop notification using 'notify2'
[1.151s] DEBUG:colcon.colcon_core.event_reactor:joined thread
[1.152s] INFO:colcon.colcon_core.shell:Creating prefix script '/home/tyerone/ros2_ws/install/local_setup.ps1'
[1.153s] INFO:colcon.colcon_core.shell:Creating prefix util module '/home/tyerone/ros2_ws/install/_local_setup_util_ps1.py'
[1.154s] INFO:colcon.colcon_core.shell:Creating prefix chain script '/home/tyerone/ros2_ws/install/setup.ps1'
[1.155s] INFO:colcon.colcon_core.shell:Creating prefix script '/home/tyerone/ros2_ws/install/local_setup.sh'
[1.155s] INFO:colcon.colcon_core.shell:Creating prefix util module '/home/tyerone/ros2_ws/install/_local_setup_util_sh.py'
[1.155s] INFO:colcon.colcon_core.shell:Creating prefix chain script '/home/tyerone/ros2_ws/install/setup.sh'
[1.156s] INFO:colcon.colcon_core.shell:Creating prefix script '/home/tyerone/ros2_ws/install/local_setup.bash'
[1.157s] INFO:colcon.colcon_core.shell:Creating prefix chain script '/home/tyerone/ros2_ws/install/setup.bash'
[1.159s] INFO:colcon.colcon_core.shell:Creating prefix script '/home/tyerone/ros2_ws/install/local_setup.zsh'
[1.159s] INFO:colcon.colcon_core.shell:Creating prefix chain script '/home/tyerone/ros2_ws/install/setup.zsh'
